// Jest Snapshot v1, https://goo.gl/fbAQLP

exports[`Button renders correctly 1`] = `
.c0 {
  color: #0a2e0a;
  font-size: 1rem;
  font-family: "Noto Sans",sans-serif;
  -webkit-text-decoration: none;
  text-decoration: none;
  border-radius: 3rem;
  border: solid 2px transparent;
  background-image: linear-gradient( to right, #0a2e0a, #0D7419 );
  background-origin: border-box;
  padding: 2px;
  -webkit-transition: all linear 0.2s;
  transition: all linear 0.2s;
  cursor: pointer;
  position: relative;
  height: 60px;
  display: -webkit-box;
  display: -webkit-flex;
  display: -ms-flexbox;
  display: flex;
  box-sizing: border-box;
}

.c0 .sc-gsnTZi {
  background: transparent;
}

.c0:hover,
.c0:focus {
  box-shadow: none;
  color: #FCFCFC;
  background-image: linear-gradient( to right, #0a2e0a, #0D7419 );
}

.c0:hover .sc-gsnTZi,
.c0:focus .sc-gsnTZi {
  color: #FCFCFC;
  background: transparent;
  -webkit-transform: translateX(0.25rem);
  -ms-transform: translateX(0.25rem);
  transform: translateX(0.25rem);
}

.c0:hover span,
.c0:focus span {
  background: transparent;
}

.c0 span {
  background: #FCFCFC;
  border-radius: 3rem;
  -webkit-transition: background 0.5s ease;
  transition: background 0.5s ease;
  box-sizing: border-box;
  padding-top: 1.05rem;
  padding-left: 1rem;
  padding-right: 1rem;
}

<button
  className="c0"
  onClick={[Function]}
>
  <span>
    Hello World
  </span>
</button>
`;
